

================================================================
== Vivado HLS Report for 'present_encrypt'
================================================================
* Date:           Wed May 13 01:11:34 2020

* Version:        2017.2 (Build 1909853 on Thu Jun 15 18:55:24 MDT 2017)
* Project:        present
* Solution:       solution1
* Product family: zynq
* Target device:  xc7z020clg400-1


================================================================
== Performance Estimates
================================================================
+ Timing (ns): 
    * Summary: 
    +--------+-------+----------+------------+
    |  Clock | Target| Estimated| Uncertainty|
    +--------+-------+----------+------------+
    |ap_clk  |  10.00|      7.85|        1.25|
    +--------+-------+----------+------------+

+ Latency (clock cycles): 
    * Summary: 
    +------+------+------+------+---------+
    |   Latency   |   Interval  | Pipeline|
    |  min |  max |  min |  max |   Type  |
    +------+------+------+------+---------+
    |  5151|  5151|  5152|  5152|   none  |
    +------+------+------+------+---------+

    + Detail: 
        * Instance: 
        N/A

        * Loop: 
        +-------------+------+------+----------+-----------+-----------+------+----------+
        |             |   Latency   | Iteration|  Initiation Interval  | Trip |          |
        |  Loop Name  |  min |  max |  Latency |  achieved |   target  | Count| Pipelined|
        +-------------+------+------+----------+-----------+-----------+------+----------+
        |- Loop 1     |    64|    64|         2|          -|          -|    32|    no    |
        |- Loop 2     |  5084|  5084|       164|          -|          -|    31|    no    |
        | + Loop 2.1  |    32|    32|         2|          -|          -|    16|    no    |
        | + Loop 2.2  |   128|   128|         2|          -|          -|    64|    no    |
        +-------------+------+------+----------+-----------+-----------+------+----------+



================================================================
== Utilization Estimates
================================================================
* Summary: 
+-----------------+---------+-------+--------+-------+
|       Name      | BRAM_18K| DSP48E|   FF   |  LUT  |
+-----------------+---------+-------+--------+-------+
|DSP              |        -|      -|       -|      -|
|Expression       |        -|      -|     809|   1066|
|FIFO             |        -|      -|       -|      -|
|Instance         |        -|      -|       -|      -|
|Memory           |        2|      -|      10|      7|
|Multiplexer      |        -|      -|       -|    177|
|Register         |        -|      -|     479|      -|
+-----------------+---------+-------+--------+-------+
|Total            |        2|      0|    1298|   1250|
+-----------------+---------+-------+--------+-------+
|Available        |      280|    220|  106400|  53200|
+-----------------+---------+-------+--------+-------+
|Utilization (%)  |    ~0   |      0|       1|      2|
+-----------------+---------+-------+--------+-------+

+ Detail: 
    * Instance: 
    N/A

    * DSP48: 
    N/A

    * Memory: 
    +-------------+----------------------+---------+---+----+------+-----+------+-------------+
    |    Memory   |        Module        | BRAM_18K| FF| LUT| Words| Bits| Banks| W*Bits*Banks|
    +-------------+----------------------+---------+---+----+------+-----+------+-------------+
    |p_box_U      |present_encrypt_pdEe  |        0|  6|   6|    64|    6|     1|          384|
    |roundKeys_U  |present_encrypt_rbkb  |        2|  0|   0|    32|   64|     1|         2048|
    |s_box_U      |present_encrypt_scud  |        0|  4|   1|    16|    4|     1|           64|
    +-------------+----------------------+---------+---+----+------+-----+------+-------------+
    |Total        |                      |        2| 10|   7|   112|   74|     3|         2496|
    +-------------+----------------------+---------+---+----+------+-----+------+-------------+

    * FIFO: 
    N/A

    * Expression: 
    +----------------------------+----------+-------+-----+-----+------------+------------+
    |        Variable Name       | Operation| DSP48E|  FF | LUT | Bitwidth P0| Bitwidth P1|
    +----------------------------+----------+-------+-----+-----+------------+------------+
    |i_1_fu_288_p2               |     +    |      0|   23|   11|           6|           1|
    |i_2_fu_417_p2               |     +    |      0|   20|   10|           5|           1|
    |i_3_fu_429_p2               |     +    |      0|   20|   10|           5|           1|
    |i_4_fu_490_p2               |     +    |      0|   26|   12|           7|           1|
    |l_i_fu_383_p2               |     +    |      0|   68|   26|          16|          21|
    |exitcond_fu_411_p2          |   icmp   |      0|    0|    2|           5|           2|
    |exitcond_i_fu_423_p2        |   icmp   |      0|    0|    3|           5|           6|
    |tmp_i4_fu_484_p2            |   icmp   |      0|    0|    4|           7|           8|
    |tmp_i_fu_282_p2             |   icmp   |      0|    0|    4|           6|           7|
    |tmp_2_i5_fu_451_p2          |   lshr   |      0|  163|  182|          64|          64|
    |tmp_i1_fu_501_p2            |   lshr   |      0|  163|  182|          64|          64|
    |output_1_fu_524_p2          |    or    |      0|    0|   64|          64|          64|
    |output_fu_474_p2            |    or    |      0|    0|   64|          64|          64|
    |tmp_17_i_fu_518_p2          |    shl   |      0|  163|  182|          64|          64|
    |tmp_5_i1_fu_469_p2          |    shl   |      0|  163|  182|          64|          64|
    |cipher                      |    xor   |      0|    0|   64|          64|          64|
    |key_low_assign_1_fu_393_p2  |    xor   |      0|    0|   64|          64|          64|
    +----------------------------+----------+-------+-----+-----+------------+------------+
    |Total                       |          |      0|  809| 1066|         574|         560|
    +----------------------------+----------+-------+-----+-----+------------+------------+

    * Multiplexer: 
    +--------------------------------+----+-----------+-----+-----------+
    |              Name              | LUT| Input Size| Bits| Total Bits|
    +--------------------------------+----+-----------+-----+-----------+
    |ap_NS_fsm                       |  60|         11|    1|         11|
    |block_assign_3_reg_251          |   9|          2|   64|        128|
    |current_state_assign_3_reg_228  |   9|          2|   64|        128|
    |current_state_assign_reg_207    |   9|          2|   64|        128|
    |i_i1_reg_264                    |   9|          2|    7|         14|
    |i_i2_reg_240                    |   9|          2|    5|         10|
    |i_i_reg_178                     |   9|          2|    6|         12|
    |i_reg_217                       |   9|          2|    5|         10|
    |key_low_t_reg_189               |   9|          2|   64|        128|
    |p_0_i_reg_198                   |   9|          2|   16|         32|
    |roundKeys_address0              |  21|          4|    5|         20|
    |s_box_address0                  |  15|          3|    4|         12|
    +--------------------------------+----+-----------+-----+-----------+
    |Total                           | 177|         36|  305|        633|
    +--------------------------------+----+-----------+-----+-----------+

    * Register: 
    +--------------------------------+----+----+-----+-----------+
    |              Name              | FF | LUT| Bits| Const Bits|
    +--------------------------------+----+----+-----+-----------+
    |ap_CS_fsm                       |  10|   0|   10|          0|
    |block_assign_3_reg_251          |  64|   0|   64|          0|
    |block_assign_4_reg_586          |  64|   0|   64|          0|
    |current_state_assign_3_reg_228  |  64|   0|   64|          0|
    |current_state_assign_reg_207    |  64|   0|   64|          0|
    |i_1_reg_548                     |   6|   0|    6|          0|
    |i_2_reg_576                     |   5|   0|    5|          0|
    |i_3_reg_594                     |   5|   0|    5|          0|
    |i_4_reg_622                     |   7|   0|    7|          0|
    |i_i1_cast1_reg_614              |   7|   0|   64|         57|
    |i_i1_reg_264                    |   7|   0|    7|          0|
    |i_i2_reg_240                    |   5|   0|    5|          0|
    |i_i_reg_178                     |   6|   0|    6|          0|
    |i_reg_217                       |   5|   0|    5|          0|
    |key_high_assign_cast_reg_553    |  12|   0|   12|          0|
    |key_low_assign_1_reg_563        |  64|   0|   64|          0|
    |key_low_t_reg_189               |  64|   0|   64|          0|
    |p_0_i_reg_198                   |  16|   0|   16|          0|
    |tmp_1_i4_reg_599                |   4|   0|   64|         60|
    +--------------------------------+----+----+-----+-----------+
    |Total                           | 479|   0|  596|        117|
    +--------------------------------+----+----+-----+-----------+



================================================================
== Interface
================================================================
* Summary: 
+---------------+-----+-----+------------+-----------------+--------------+
|   RTL Ports   | Dir | Bits|  Protocol  |  Source Object  |    C Type    |
+---------------+-----+-----+------------+-----------------+--------------+
|ap_clk         |  in |    1| ap_ctrl_hs | present_encrypt | return value |
|ap_rst         |  in |    1| ap_ctrl_hs | present_encrypt | return value |
|ap_start       |  in |    1| ap_ctrl_hs | present_encrypt | return value |
|ap_done        | out |    1| ap_ctrl_hs | present_encrypt | return value |
|ap_idle        | out |    1| ap_ctrl_hs | present_encrypt | return value |
|ap_ready       | out |    1| ap_ctrl_hs | present_encrypt | return value |
|key_high       |  in |   16|   ap_none  |     key_high    |    scalar    |
|key_low        |  in |   64|   ap_none  |     key_low     |    scalar    |
|block_r        |  in |   64|   ap_none  |     block_r     |    scalar    |
|cipher         | out |   64|   ap_vld   |      cipher     |    pointer   |
|cipher_ap_vld  | out |    1|   ap_vld   |      cipher     |    pointer   |
+---------------+-----+-----+------------+-----------------+--------------+

