

================================================================
== Vivado HLS Report for 'present_encrypt'
================================================================
* Date:           Thu May 14 14:59:57 2020

* Version:        2017.2 (Build 1909853 on Thu Jun 15 18:55:24 MDT 2017)
* Project:        present
* Solution:       solution4
* Product family: zynq
* Target device:  xc7z020clg400-1


================================================================
== Performance Estimates
================================================================
+ Timing (ns): 
    * Summary: 
    +--------+-------+----------+------------+
    |  Clock | Target| Estimated| Uncertainty|
    +--------+-------+----------+------------+
    |ap_clk  |  10.00|      8.58|        1.25|
    +--------+-------+----------+------------+

+ Latency (clock cycles): 
    * Summary: 
    +-----+-----+-----+-----+---------+
    |  Latency  |  Interval | Pipeline|
    | min | max | min | max |   Type  |
    +-----+-----+-----+-----+---------+
    |  100|  100|  101|  101|   none  |
    +-----+-----+-----+-----+---------+

    + Detail: 
        * Instance: 
        +------------------------------+--------+-----+-----+-----+-----+----------+
        |                              |        |  Latency  |  Interval | Pipeline |
        |           Instance           | Module | min | max | min | max |   Type   |
        +------------------------------+--------+-----+-----+-----+-----+----------+
        |block_assign_3_PLayer_fu_449  |PLayer  |    0|    0|    1|    1| function |
        +------------------------------+--------+-----+-----+-----+-----+----------+

        * Loop: 
        +------------------------------+-----+-----+----------+-----------+-----------+------+----------+
        |                              |  Latency  | Iteration|  Initiation Interval  | Trip |          |
        |           Loop Name          | min | max |  Latency |  achieved |   target  | Count| Pipelined|
        +------------------------------+-----+-----+----------+-----------+-----------+------+----------+
        |- generateRoundKeys80_label1  |   64|   64|         2|          -|          -|    32|    no    |
        |- present_encrypt_label4      |   32|   32|         3|          1|          1|    31|    yes   |
        +------------------------------+-----+-----+----------+-----------+-----------+------+----------+



================================================================
== Utilization Estimates
================================================================
* Summary: 
+-----------------+---------+-------+--------+-------+
|       Name      | BRAM_18K| DSP48E|   FF   |  LUT  |
+-----------------+---------+-------+--------+-------+
|DSP              |        -|      -|       -|      -|
|Expression       |        -|      -|     111|    525|
|FIFO             |        -|      -|       -|      -|
|Instance         |        -|      -|       -|      -|
|Memory           |        2|      -|      64|      1|
|Multiplexer      |        -|      -|       -|    163|
|Register         |        -|      -|     248|      -|
+-----------------+---------+-------+--------+-------+
|Total            |        2|      0|     423|    689|
+-----------------+---------+-------+--------+-------+
|Available        |      280|    220|  106400|  53200|
+-----------------+---------+-------+--------+-------+
|Utilization (%)  |    ~0   |      0|   ~0   |      1|
+-----------------+---------+-------+--------+-------+

+ Detail: 
    * Instance: 
    +------------------------------+--------+---------+-------+---+----+
    |           Instance           | Module | BRAM_18K| DSP48E| FF| LUT|
    +------------------------------+--------+---------+-------+---+----+
    |block_assign_3_PLayer_fu_449  |PLayer  |        0|      0|  0|   0|
    +------------------------------+--------+---------+-------+---+----+
    |Total                         |        |        0|      0|  0|   0|
    +------------------------------+--------+---------+-------+---+----+

    * DSP48: 
    N/A

    * Memory: 
    +-------------+----------------------+---------+----+----+------+-----+------+-------------+
    |    Memory   |        Module        | BRAM_18K| FF | LUT| Words| Bits| Banks| W*Bits*Banks|
    +-------------+----------------------+---------+----+----+------+-----+------+-------------+
    |roundKeys_U  |present_encrypt_rbkb  |        2|   0|   0|    32|   64|     1|         2048|
    |s_box_U      |present_encrypt_scud  |        0|  64|   1|    16|    4|     1|           64|
    +-------------+----------------------+---------+----+----+------+-----+------+-------------+
    |Total        |                      |        2|  64|   1|    48|   68|     2|         2112|
    +-------------+----------------------+---------+----+----+------+-----+------+-------------+

    * FIFO: 
    N/A

    * Expression: 
    +--------------------------------+----------+-------+----+----+------------+------------+
    |          Variable Name         | Operation| DSP48E| FF | LUT| Bitwidth P0| Bitwidth P1|
    +--------------------------------+----------+-------+----+----+------------+------------+
    |i_1_fu_591_p2                   |     +    |      0|  20|  10|           5|           1|
    |i_2_fu_467_p2                   |     +    |      0|  23|  11|           6|           1|
    |l_i_fu_562_p2                   |     +    |      0|  68|  26|          16|          21|
    |exitcond_fu_585_p2              |   icmp   |      0|   0|   2|           5|           2|
    |tmp_i_fu_461_p2                 |   icmp   |      0|   0|   4|           6|           7|
    |ap_enable_pp0                   |    xor   |      0|   0|   2|           1|           2|
    |ap_enable_reg_pp0_iter1         |    xor   |      0|   0|   2|           1|           2|
    |block_assign_1_cast1_fu_666_p2  |    xor   |      0|   0|  60|          60|          60|
    |block_assign_1_cast2_fu_672_p2  |    xor   |      0|   0|  56|          56|          56|
    |block_assign_1_cast3_fu_678_p2  |    xor   |      0|   0|  52|          52|          52|
    |block_assign_1_cast4_fu_684_p2  |    xor   |      0|   0|  48|          48|          48|
    |block_assign_1_cast5_fu_690_p2  |    xor   |      0|   0|  44|          44|          44|
    |block_assign_1_cast6_fu_696_p2  |    xor   |      0|   0|  40|          40|          40|
    |block_assign_1_cast_fu_702_p2   |    xor   |      0|   0|  36|          36|          36|
    |grp_fu_454_p2                   |    xor   |      0|   0|  64|          64|          64|
    |key_low_assign_1_fu_572_p2      |    xor   |      0|   0|  64|          64|          64|
    |tmp_3_i1_cast_fu_708_p2         |    xor   |      0|   0|   4|           4|           4|
    +--------------------------------+----------+-------+----+----+------------+------------+
    |Total                           |          |      0| 111| 525|         508|         504|
    +--------------------------------+----------+-------+----+----+------------+------------+

    * Multiplexer: 
    +------------------------------------+----+-----------+-----+-----------+
    |                Name                | LUT| Input Size| Bits| Total Bits|
    +------------------------------------+----+-----------+-----+-----------+
    |ap_NS_fsm                           |  40|          7|    1|          7|
    |ap_enable_reg_pp0_iter1             |   9|          2|    1|          2|
    |ap_enable_reg_pp0_iter2             |   9|          2|    1|          2|
    |current_state_assign_phi_fu_431_p4  |   9|          2|   64|        128|
    |current_state_assign_reg_428        |   9|          2|   64|        128|
    |grp_fu_454_p1                       |  15|          3|   64|        192|
    |i_i_reg_399                         |   9|          2|    6|         12|
    |i_reg_438                           |   9|          2|    5|         10|
    |key_low_t_reg_410                   |   9|          2|   64|        128|
    |p_0_i_reg_419                       |   9|          2|   16|         32|
    |roundKeys_address0                  |  21|          4|    5|         20|
    |s_box_address0                      |  15|          3|    4|         12|
    +------------------------------------+----+-----------+-----+-----------+
    |Total                               | 163|         33|  295|        673|
    +------------------------------------+----+-----------+-----+-----------+

    * Register: 
    +------------------------------------+----+----+-----+-----------+
    |                Name                | FF | LUT| Bits| Const Bits|
    +------------------------------------+----+----+-----+-----------+
    |ap_CS_fsm                           |   6|   0|    6|          0|
    |ap_enable_reg_pp0_iter0             |   1|   0|    1|          0|
    |ap_enable_reg_pp0_iter1             |   1|   0|    1|          0|
    |ap_enable_reg_pp0_iter2             |   1|   0|    1|          0|
    |ap_reg_pp0_iter1_exitcond_reg_1025  |   1|   0|    1|          0|
    |current_state_assign_reg_428        |  64|   0|   64|          0|
    |exitcond_reg_1025                   |   1|   0|    1|          0|
    |i_2_reg_1000                        |   6|   0|    6|          0|
    |i_i_reg_399                         |   6|   0|    6|          0|
    |i_reg_438                           |   5|   0|    5|          0|
    |key_high_assign_cast_reg_1005       |  12|   0|   12|          0|
    |key_low_assign_1_reg_1015           |  64|   0|   64|          0|
    |key_low_t_reg_410                   |  64|   0|   64|          0|
    |p_0_i_reg_419                       |  16|   0|   16|          0|
    +------------------------------------+----+----+-----+-----------+
    |Total                               | 248|   0|  248|          0|
    +------------------------------------+----+----+-----+-----------+



================================================================
== Interface
================================================================
* Summary: 
+---------------+-----+-----+------------+-----------------+--------------+
|   RTL Ports   | Dir | Bits|  Protocol  |  Source Object  |    C Type    |
+---------------+-----+-----+------------+-----------------+--------------+
|ap_clk         |  in |    1| ap_ctrl_hs | present_encrypt | return value |
|ap_rst         |  in |    1| ap_ctrl_hs | present_encrypt | return value |
|ap_start       |  in |    1| ap_ctrl_hs | present_encrypt | return value |
|ap_done        | out |    1| ap_ctrl_hs | present_encrypt | return value |
|ap_idle        | out |    1| ap_ctrl_hs | present_encrypt | return value |
|ap_ready       | out |    1| ap_ctrl_hs | present_encrypt | return value |
|key_high       |  in |   16|   ap_none  |     key_high    |    scalar    |
|key_low        |  in |   64|   ap_none  |     key_low     |    scalar    |
|block_r        |  in |   64|   ap_none  |     block_r     |    scalar    |
|cipher         | out |   64|   ap_vld   |      cipher     |    pointer   |
|cipher_ap_vld  | out |    1|   ap_vld   |      cipher     |    pointer   |
+---------------+-----+-----+------------+-----------------+--------------+

